// Vitest Snapshot v1, https://vitest.dev/guide/snapshot.html

exports[`saju generator regression snapshots > keeps the lover compatibility narrative stable 1`] = `
{
  "actions": [
    "좋아하는 방식과 서운해지는 지점을 각각 1개씩 공유하기",
    "하루 종료 전 “잘한 점 1개 + 내일의 첫 행동 1개”를 적고 잠들기",
    "결정 전 체크리스트 3문항(목적/주의점/다음 행동)으로 판단 속도 높이기",
  ],
  "attractionPoint": "헤어진 뒤에도 계속 마음에 남는 이유는 서로에게 강하게 남는 결이 있었기 때문입니다. 좋았던 순간의 결이 선명할수록 다시 떠오르는 힘도 커서, 관계를 쉽게 잊지 못하는 경우가 많습니다.",
  "caution": "MBTI로 보면 User은 배려가 앞서 결정을 미루거나 선을 흐릴 수 있는 점, Partner은 정답을 빨리 찾으려다 마음의 온도를 놓칠 수 있는 점. 마음 써둘 대목을 차분히 짚어 보면 사소한 서운함을 오래 묵히면 관계 해석이 왜곡될 수 있습니다. 감정이 뜨거울수록 말의 세기도 세질 수 있어, 감정이 오른 날은 결론을 미루는 편이 안전합니다. 좋은 신호 하나에 너무 큰 기대를 싣거나, 나쁜 신호 하나로 관계 전체를 단정하지 않는 태도가 중요합니다.

특히 토 기운이 지나치게 앞서면 판단이 잠깐 급해질 수 있습니다. 속도를 내기 전에 기준을 한 번만 더 확인하면 흔들림이 크게 줄어듭니다. 월지 축은 양에 놓여 있어, 보호와 보살핌 속에서 힘을 기르는 상태. 큰 수정보다 작은 정리 하나만 해도 흐름의 거친 면은 한결 부드러워집니다. 생각이 정리될 때까지 기다리다 타이밍을 놓치지 않도록 작은 행동부터 시작하세요.",
  "communicationTip": "다시 이어질 여지를 보려면 감정 확인보다, 예전과 무엇이 달라져야 하는지를 먼저 말하는 편이 좋습니다. 보고 싶었다는 말보다 “예전과 다르게 해 보고 싶은 점”을 짧게 꺼내는 방식이 훨씬 현실적입니다.",
  "conflictTrigger": "예전의 상처를 충분히 정리하지 않은 채 반가움만으로 다시 가까워지면 같은 패턴이 빠르게 반복될 수 있습니다. “이번엔 다를 거야”라는 기대만으로 밀어붙이면 다시 지치는 속도도 빨라집니다.",
  "coreSignal": "이번 풀이의 핵심은 '몰입-정리'입니다. 토 기운이 강하다는 건 쉽게 흔들리지 않고 버티는 힘이 좋다는 뜻입니다. 반대로 금 기운이 약하다는 건 정리와 결단이 필요한 순간에는 한 번 더 망설이기 쉽습니다.

그래서 지금 들어온 금 기운이 짙어 기준감이 또렷해지는 흐름의 운은 강점을 밀어 주는 동시에, 약한 부분은 생활 습관으로 다듬으라고 말하고 있습니다.",
  "currentDaewoon": "User: 현재 대운은 33~42세 구간의 신유 대운입니다. 신유의 흐름이라 금 기운이 짙어 기준감이 또렷해지는 흐름입니다. Partner: 현재 대운은 33~42세 구간의 정묘 대운입니다. 정묘의 흐름이라 화의 표현력과 목의 성장력이 함께 움직이는 흐름입니다.",
  "narrativeFlow": "MBTI로 보면 User은 큰 흐름을 먼저 보고 움직일 때 리듬이 더 잘 살아납니다, Partner은 큰 흐름을 먼저 보고 움직일 때 리듬이 더 잘 살아납니다. 좋아하는 마음보다 중요한 것은 감정의 속도를 맞추는 기술입니다. 이번 궁합은 헤어진 뒤에도 남아 있는 감정이 왜 쉽게 정리되지 않는지, 그리고 다시 이어져도 같은 패턴이 반복될지를 함께 봅니다. User - Partner는 차이를 지우는 관계가 아니라, 역할을 잘 나눌 때 더 편안하고 단단해지는 관계입니다.

지금은 긴장성장형 궁합에 가까워 서로를 바꾸려 하기보다 각자 잘하는 역할을 인정하면 관계의 매력이 훨씬 커집니다. 잘 맞는 날의 힘을 생활 규칙으로 옮겨 놓으면 뜨거움이 오래 갑니다. 서로의 성향 차이를 억지로 줄이기보다 각자의 리듬을 인정할수록 궁합이 훨씬 부드럽게 이어집니다.",
  "overview": "MBTI로 보면 User은 혼자서도 깊이 파고들며 방향을 정리하는 집중력으로 흐름을 열고, Partner은 사람과 기회를 연결하며 판을 움직이는 추진력으로 반응하는 편입니다. 두 사람의 궁합은 '흩어진 책장을 한 권씩 다시 꽂아 방이 정돈되는 장면'처럼 호흡이 맞을 때 훨씬 편안하게 이어집니다. 이번 궁합은 헤어진 뒤에도 남아 있는 감정이 왜 쉽게 정리되지 않는지, 그리고 다시 이어져도 같은 패턴이 반복될지를 함께 봅니다. 무토와 경금의 애정 흐름은 User의 토 기운과 Partner의 토 기운에서 끌림이 자연스럽게 커지고 금·화 축에서 말의 온도가 어긋나기 쉬운 형태입니다. 토 일간이 금 일간을 생하는 상생 관계라, 한쪽이 흐름을 열면 다른 쪽이 자연스럽게 반응하는 편입니다. 감정의 속도만 잘 맞춰도 이 궁합의 좋은 결이 훨씬 오래 살아납니다.

지금 두 사람은 긴장성장형 궁합에 가까워 강하게 끌리고 또 강하게 배우게 되는 타입. 강하게 끌리는 만큼 서로에게 배우게 되는 힘도 큰 관계입니다. 서로를 바꾸려 하기보다 각자 강한 부분을 살리고 약한 부분을 보완할 때 관계의 장점이 더 크게 드러납니다.",
  "pairDynamic": "이 관계는 감정이 완전히 끝났다기보다, 좋았던 부분과 힘들었던 부분이 같이 오래 남는 타입입니다. 그래서 끌림이 다시 살아나도, 예전 방식이 그대로면 익숙함만큼 상처도 빨리 되살아날 수 있습니다.",
  "reflectionQuestion": "우리는 지금 같은 속도로 가까워지고 있나요? 지금의 선택이 긴 흐름과도 맞는지 함께 돌아보면 좋습니다.",
  "relationshipFlow": "MBTI로 보면 관계에서는 User은 공감 뒤에 내가 원하는 기준도 함께 말해야 관계가 더 안정됩니다, Partner은 기준을 말할 때 이유와 마음을 한 문장 더 붙이면 관계의 마찰이 줄어듭니다. 연애는 정답보다 리듬입니다. 감정 표현 빈도를 맞추는 것이 핵심입니다. 관계를 보면 User의 토 기운과 Partner의 토 기운이 만날 때 시너지가 분명합니다. 서로 잘하는 부분이 다르기 때문에 역할만 잘 나뉘어도 관계가 훨씬 편안해집니다.

다만 금·화 축에서는 오해가 잠깐 붙기 쉽습니다. 기대치를 먼저 맞춰 두고, 좋은 마음을 확인하는 말 한마디를 자주 건네면 궁합의 장점이 더 선명하게 살아납니다.",
  "sajuBasis": "위 분석표를 먼저 보면 두 사람의 사주 바탕이 한눈에 들어옵니다. User은 무토 일간이고, Partner은 경금 일간입니다.

User은 쉽게 흔들리지 않고 버티는 힘이 좋다는 뜻입니다 Partner은 쉽게 흔들리지 않고 버티는 힘이 좋다는 뜻입니다. 궁합은 이렇게 다른 타고난 결이 지금 들어온 운과 만나며 어떤 분위기를 만드는지 함께 읽어야 정확해집니다.",
  "sajuEvidence": [
    "User은 토 기운이 강해 쉽게 흔들리지 않고 버티는 힘이 좋다는 뜻입니다. Partner는 토 기운이 강해 쉽게 흔들리지 않고 버티는 힘이 좋다는 뜻입니다.",
    "User은 금 축에서 정리와 결단이 필요한 순간에는 한 번 더 망설이기 쉽습니다. Partner는 마음을 바로 드러내거나 분위기를 빠르게 띄우는 일에는 에너지가 더 들 수 있습니다.",
    "이 궁합은 긴장성장형에 가깝습니다. 즉, 강하게 끌리고 또 강하게 배우게 되는 타입.",
    "User 쪽은 월지 축은 양에 놓여 있어, 보호와 보살핌 속에서 힘을 기르는 상태. Partner 쪽은 월지 해는 병에 놓여 있어, 부담이 쌓이면 쉽게 지치므로 무리하면 손해가 나는 상태. 그래서 두 사람 모두 서두르기보다 각자 편한 리듬을 먼저 맞출수록 관계의 장점이 더 잘 살아납니다.",
  ],
  "storyTitle": "User - Partner의 전연인 궁합 풀이",
  "subjectArchetypes": {
    "compatibility": {
      "code": "tension_growth",
      "description": "강하게 끌리고 또 강하게 배우게 되는 타입",
      "label": "긴장성장형",
    },
    "user": undefined,
  },
  "subjectLens": "User와 Partner의 궁합은 감정의 크기보다 표현 속도와 관계 기대치를 어떻게 맞추느냐가 더 중요합니다. 토 기운의 장점은 신뢰와 끌림을 오래 붙드는 데 있고, 금 축은 작은 오해가 길어지기 쉬우니 마음의 온도와 말의 순서를 같이 맞추는 편이 좋습니다. 전연인 궁합은 다시 만날 수 있느냐보다, 다시 만나도 같은 이유로 지치지 않을 수 있는지를 먼저 보는 편이 정확합니다.",
  "summary": "전연인: MBTI로 보면 User은 혼자서도 깊이 파고들며 방향을 정리하는 집중력을 앞세우고, Partner은 사람과 기회를 연결하며 판을 움직이는 추진력으로 균형을 맞추는 쪽입니다. '연인 궁합의 감정선과 애착 리듬' 관점에서 '몰입-정리' 리듬을 맞출수록 관계 안정감이 함께 올라갑니다. 상대 마음을 단정하기보다, 두 사람의 속도와 감정 표현 리듬이 실제로 이어질 수 있는지를 먼저 보는 편이 좋습니다. 두 사람은 긴장성장형 궁합에 가까워 강하게 끌리고 또 강하게 배우게 되는 타입. 두 사람의 일간 결을 억지로 맞추기보다 역할로 나눌수록 합이 살아납니다.",
  "tenYearFlow": "User: 지금 10년 운은 금 기운이 짙어 기준감이 또렷해지는 흐름입니다. 다음 10년은 금 기운이 짙어 기준감이 또렷해지는 흐름 쪽으로 무게가 옮겨갈 가능성이 큽니다. Partner: 지금 10년 운은 화의 표현력과 목의 성장력이 함께 움직이는 흐름입니다. 다음 10년은 토 기운이 짙어 안정감이 또렷해지는 흐름 쪽으로 무게가 옮겨갈 가능성이 큽니다.",
  "timingHint": "MBTI로 보면 User은 큰 흐름을 먼저 보고 움직일 때 리듬이 더 잘 살아납니다, Partner은 큰 흐름을 먼저 보고 움직일 때 리듬이 더 잘 살아납니다.

갈등 대화는 늦은 밤보다 낮 시간대가 훨씬 부드럽게 풀립니다.

관계 진전은 감정이 가장 뜨거울 때보다 서로의 일상 템포가 맞을 때 훨씬 자연스럽습니다.

지금은 신유의 흐름이라 금 기운이 짙어 기준감이 또렷해지는 흐름입니다. Partner: 현재 대운은 33~42세 구간의 정묘 대운입니다. 정묘의 흐름이라 화의 표현력과 목의 성장력이 함께 움직이는 흐름입니다.

올해는 병오의 흐름이라 화 기운이 짙어 표현력이 또렷해지는 흐름입니다.

급히 결론내기보다 두 사람의 호흡이 맞는 타이밍을 골라 이야기할수록 결과가 훨씬 부드럽습니다. 중요한 이야기는 피곤할 때보다 마음이 조금 느슨해진 시간에 꺼내는 편이 좋습니다.",
  "wealthFlow": "연애 갈등은 생활 리듬과 소비 습관 차이에서 자주 생깁니다.

두 사람의 재물 흐름은 역할 분담이 선명할수록 훨씬 안정적으로 굴러갑니다.

User는 앞에서 열고, Partner는 옆에서 살피는 식으로 나누면 변동성을 줄이면서 성과를 오래 가져갈 수 있습니다. 돈 이야기를 감정에서 떼어 기준으로 정리해 두면 관계도 함께 편해집니다.",
  "yearlyFlow": "2026년 세운은 병오입니다. 병오의 흐름이라 화 기운이 짙어 표현력이 또렷해지는 흐름입니다.",
}
`;

exports[`saju generator regression snapshots > keeps the self basic narrative stable 1`] = `
{
  "actions": [
    "지금 내 사주에서 가장 믿고 가도 되는 강점 1개를 먼저 적어 보기",
    "오늘 해야 할 일을 3개만 남기고, 가장 작은 1개를 15분 안에 먼저 끝내기",
    "관계 이슈가 있으면 결론보다 기대치 정렬(무엇을, 언제까지)을 먼저 합의하기",
  ],
  "attractionPoint": undefined,
  "caution": "INFJ 성향인 User님은 배려가 앞서 결정을 미루거나 선을 흐릴 수 있는 점. 마음 써둘 대목을 차분히 짚어 보면 여러 영역을 동시에 잡으려다 체력이 먼저 떨어질 수 있습니다.  시기 해석을 핑계로 결정을 미루기보다, 지금 할 수 있는 작은 조정부터 가져가는 편이 좋습니다.

특히 토 기운이 지나치게 앞서면 판단이 잠깐 급해질 수 있습니다. 좋은 관계를 지키려다 내 기준이 흐려질 수 있어 우선순위를 짧게 메모해 두면 좋습니다. 월지 축은 양에 놓여 있어, 보호와 보살핌 속에서 힘을 기르는 상태. 큰 수정보다 작은 정리 하나만 해도 흐름의 거친 면은 한결 부드러워집니다. 생각이 정리될 때까지 기다리다 타이밍을 놓치지 않도록 작은 행동부터 시작하세요.",
  "communicationTip": undefined,
  "conflictTrigger": undefined,
  "coreSignal": "이번 풀이의 핵심은 '도전-회복'입니다. 토 기운이 강하다는 건 쉽게 흔들리지 않고 버티는 힘이 좋다는 뜻입니다. 반대로 금 기운이 약하다는 건 정리와 결단이 필요한 순간에는 한 번 더 망설이기 쉽습니다.

그래서 지금 들어온 금 기운이 짙어 기준감이 또렷해지는 흐름의 운은 강점을 밀어 주는 동시에, 약한 부분은 생활 습관으로 다듬으라고 말하고 있습니다.",
  "currentDaewoon": "현재 대운은 33~42세 구간의 신유 대운입니다. 신유의 흐름이라 금 기운이 짙어 기준감이 또렷해지는 흐름입니다. 지금은 새 기회를 넓게 보는 것보다, 내 기본 힘이 어디서 가장 안정적으로 살아나는지 확인하는 시기로 읽는 편이 맞습니다.",
  "narrativeFlow": "INFJ 성향인 User님은 큰 흐름을 먼저 보고 움직일 때 리듬이 더 잘 살아납니다. 판을 한 번에 뒤집기보다, 생활 리듬을 정돈할수록 전체 운이 살아납니다. 이번 풀이는 타고난 사주의 바탕과 지금 가장 크게 작동하는 운을 한 자리에서 읽습니다. 요즘 User님에게 중요한 건 금 기운이 짙어 기준감이 또렷해지는 흐름을 생활 안에서 실제 움직임으로 바꾸는 일입니다.

토 기운이 강하다는 건 쉽게 흔들리지 않고 버티는 힘이 좋다는 뜻입니다. 금 기운이 약하다는 건 정리와 결단이 필요한 순간에는 한 번 더 망설이기 쉽습니다.   큰 결심 한 번보다 작은 완료를 꾸준히 쌓을 때 운이 더 잘 붙습니다.",
  "overview": "INFJ 성향인 User님은 혼자서도 깊이 파고들며 방향을 정리하는 집중력이 먼저 드러나는 편입니다. 이런 성향은 사주에서 토 기운이 강하게 잡힌 구조와도 닿아 있습니다. 토 기운이 강하다는 건 쉽게 흔들리지 않고 버티는 힘이 좋다는 뜻입니다. 금 기운이 약하다는 건 정리와 결단이 필요한 순간에는 한 번 더 망설이기 쉽습니다.

이번 풀이는 타고난 사주의 바탕과 지금 가장 크게 작동하는 운을 한 자리에서 읽습니다. 지금은 '도전-회복'이 핵심으로 들어오는 시기입니다. 전반 흐름은 토 기운은 선명하고 금 기운은 비기 쉬운 구조로 읽힙니다. 지금은 금 기운이 짙어 기준감이 또렷해지는 흐름이 강하게 들어와, 선명한 기운은 살리고 약한 축은 생활 루틴으로 보완하는 편이 좋습니다. 서두르지 않아도 결국 방향을 맞추는 힘은 이번 시기에서 분명한 강점으로 살아납니다. ",
  "pairDynamic": undefined,
  "reflectionQuestion": "지금 삶의 균형을 가장 무너뜨리는 요소 1가지는 무엇인가요? 지금의 선택이 긴 흐름과도 맞는지 함께 돌아보면 좋습니다.",
  "relationshipFlow": "INFJ 성향인 User님은 관계에서는 공감 뒤에 내가 원하는 기준도 함께 말해야 관계가 더 안정됩니다. 가까운 사람과의 대화에서는 결론보다 현재 상태 공유를 먼저 시작하세요. 토 기운이 강한 사람은 마음을 열면 관계를 든든하게 끌고 가는 힘이 있습니다. 다만 금 기운이 비기 쉬워, 서운함이 생겼을 때 혼자 오래 안고 가기 쉽습니다.

좋은 관계일수록 기준을 부드럽게 말해 주는 태도가 중요합니다. 짧더라도 자주 상태를 나누면 관계의 좋은 결을 더 오래 살릴 수 있습니다.",
  "sajuBasis": "위 분석표를 먼저 보면 User님의 사주 바탕이 한눈에 들어옵니다. 일간은 무토이고, 기본 바탕은 토 기운이 앞서고 금 기운이 비기 쉬운 구조입니다.

토 기운이 강하다는 건 쉽게 흔들리지 않고 버티는 힘이 좋다는 뜻입니다. 금 기운이 약하다는 건 정리와 결단이 필요한 순간에는 한 번 더 망설이기 쉽습니다. 그래서 이 사주는 강한 부분은 믿고 밀어도 좋지만, 비기 쉬운 부분은 생활 습관으로 채워 줄수록 훨씬 안정됩니다.

이 타고난 바탕 위에 현재 대운과 올해 운이 겹치며 지금의 운이 만들어집니다.",
  "sajuEvidence": [
    "기본 바탕은 토 기운이 강해 쉽게 흔들리지 않고 버티는 힘이 좋다는 뜻입니다. 반대로 금 기운은 비기 쉬워 정리와 결단이 필요한 순간에는 한 번 더 망설이기 쉽습니다.",
    "지금은 타고난 기질과 현재 운이 함께 맞물리며 방향을 또렷하게 잡아 주는 시기입니다.",
    "겉으로 드러난 기운에는 기준을 세우는 힘, 만들어 내는 힘, 책임을 지는 힘이 함께 보입니다. 그래서 밀어붙이기보다 기준을 세우고 쌓아 갈 때 결과가 더 안정적으로 남습니다.",
    "월지 축은 양에 놓여 있어, 보호와 보살핌 속에서 힘을 기르는 상태. 지금은 금 기운이 짙어 기준감이 또렷해지는 흐름이 크게 깔려 있고, 올해는 병오의 흐름이라 화 기운이 짙어 표현력이 또렷해지는 흐름입니다. 그래서 무리한 변화보다 생활 리듬을 정리하면서 가는 방식이 더 잘 맞습니다.",
  ],
  "storyTitle": "User님의 기본 해석 풀이",
  "subjectArchetypes": {
    "compatibility": undefined,
    "user": undefined,
  },
  "subjectLens": "전반 흐름의 균형 회복 관점에서 핵심은 토 기운을 실행으로 연결하고, 금 축의 흔들림을 루틴으로 보완하는 것입니다. 기본 해석은 한 부분만 깊게 보기보다, 지금의 나를 가장 오래 설명해 주는 결이 무엇인지부터 보는 편이 정확합니다. ",
  "summary": "기본 해석: INFJ 성향인 User님은 혼자서도 깊이 파고들며 방향을 정리하는 집중력을 실제 행동으로 옮길 때 힘이 가장 잘 붙습니다. '전반 흐름의 균형 회복' 관점에서 '도전-회복' 결이 또렷한 시기입니다. 기본 해석은 한 부분만 깊게 보기보다, 지금의 나를 가장 오래 설명해 주는 결이 무엇인지부터 보는 편이 정확합니다. 무토 일간 위로 금 기운이 짙어 기준감이 또렷해지는 흐름이 겹쳐 들어와, 강점을 실제 행동으로 연결할수록 운이 더 곧게 이어집니다.",
  "tenYearFlow": "지금 10년 운은 금 기운이 짙어 기준감이 또렷해지는 흐름입니다. 다음 10년은 금 기운이 짙어 기준감이 또렷해지는 흐름 쪽으로 무게가 옮겨갈 가능성이 큽니다.",
  "timingHint": "INFJ 성향인 User님은 큰 흐름을 먼저 보고 움직일 때 리듬이 더 잘 살아납니다. 새로운 시작은 월초보다 컨디션이 올라오는 요일에 맞추는 편이 유리합니다. 같은 운이라도 생활 리듬을 어떻게 쓰느냐에 따라 체감은 크게 달라집니다. 현재 큰 운은 신유의 흐름이라 금 기운이 짙어 기준감이 또렷해지는 흐름입니다. 지금은 새 기회를 넓게 보는 것보다, 내 기본 힘이 어디서 가장 안정적으로 살아나는지 확인하는 시기로 읽는 편이 맞습니다. 올해는 병오의 흐름이라 화 기운이 짙어 표현력이 또렷해지는 흐름입니다. 올해는 전체 방향을 한 번 더 또렷하게 정리할수록, 일과 관계의 선택도 훨씬 덜 흔들립니다. 월지 축은 양에 놓여 있어, 보호와 보살핌 속에서 힘을 기르는 상태. 그래서 서두르기보다 흐름이 붙는 시간대를 골라 움직일수록 결과가 더 매끈하게 이어집니다.",
  "wealthFlow": "INFJ 성향인 User님은 돈과 일에서는 예산과 계획을 먼저 세울수록 돈의 흐름을 안정적으로 다루는 힘이 커집니다. 일과 재물은 같은 뿌리입니다. 일정을 정리하면 지출도 같이 안정됩니다. 재물운을 보면 지금은 누수관리형에 가깝습니다. 버는 힘보다 새는 구멍을 막을 때 재물운이 살아나는 타입. 토 기운이 강하다는 건 돈을 다루는 감각에서 이 장점이 먼저 드러난다는 뜻입니다.

반대로 금 기운이 약한 구간에서는 돈이 새는 이유를 늦게 알아차리기 쉽습니다. 그래서 인맥·감정·충동 때문에 나가는 돈을 먼저 줄이면 재물의 체감이 금방 달라집니다. 작은 기준 하나만 세워도 들어온 복이 훨씬 오래 남습니다.",
  "yearlyFlow": "2026년 세운은 병오입니다. 병오의 흐름이라 화 기운이 짙어 표현력이 또렷해지는 흐름입니다. 올해는 전체 방향을 한 번 더 또렷하게 정리할수록, 일과 관계의 선택도 훨씬 덜 흔들립니다.",
}
`;

exports[`saju generator regression snapshots > keeps the self wealth narrative stable 1`] = `
{
  "actions": [
    "이번 달 돈이 들어오는 길 1개와 새는 길 1개를 따로 적어 보기",
    "에너지가 빠지는 일정 1개를 줄이고 회복 시간 30분을 먼저 확보하기",
    "이번 주 소비/시간 로그를 7일만 기록해 반복 패턴을 확인하기",
  ],
  "attractionPoint": undefined,
  "caution": "INFJ 성향인 User님은 배려가 앞서 결정을 미루거나 선을 흐릴 수 있는 점. 마음 써둘 대목을 차분히 짚어 보면 단기 수익 기대가 커지면 무리한 선택으로 이어지기 쉽습니다. 사람과의 관계를 돈으로 해결하려 들면 정작 내 몫으로 남는 것이 적어지기 쉽습니다. 돈 문제는 불안이 커질수록 감으로 움직이기 쉬우니, 이번 시기에는 숫자 기준을 짧게라도 적어 두는 편이 훨씬 안전합니다.

특히 토 기운이 지나치게 앞서면 판단이 잠깐 급해질 수 있습니다. 마음이 지친 날엔 결정보다 회복을 먼저 챙기면 다음 선택이 훨씬 선명해집니다. 월지 축은 양에 놓여 있어, 보호와 보살핌 속에서 힘을 기르는 상태. 큰 수정보다 작은 정리 하나만 해도 흐름의 거친 면은 한결 부드러워집니다. 생각이 정리될 때까지 기다리다 타이밍을 놓치지 않도록 작은 행동부터 시작하세요.",
  "communicationTip": undefined,
  "conflictTrigger": undefined,
  "coreSignal": "이번 풀이의 핵심은 '안정-확장'입니다. 토 기운이 강하다는 건 쉽게 흔들리지 않고 버티는 힘이 좋다는 뜻입니다. 반대로 금 기운이 약하다는 건 정리와 결단이 필요한 순간에는 한 번 더 망설이기 쉽습니다.

그래서 지금 들어온 금 기운이 짙어 기준감이 또렷해지는 흐름의 운은 강점을 밀어 주는 동시에, 약한 부분은 생활 습관으로 다듬으라고 말하고 있습니다.",
  "currentDaewoon": "현재 대운은 33~42세 구간의 신유 대운입니다. 신유의 흐름이라 금 기운이 짙어 기준감이 또렷해지는 흐름입니다. 지금 몇 해는 큰 승부보다 내 돈 기준을 세우는 시기로 읽는 편이 더 정확합니다.",
  "narrativeFlow": "INFJ 성향인 User님은 큰 흐름을 먼저 보고 움직일 때 리듬이 더 잘 살아납니다. 큰 행운 한 번보다 새는 구멍을 막는 습관이 돈의 체력을 만들 시기입니다. 이번 풀이는 막연히 돈복이 있느냐보다, 지금 돈이 어디서 붙고 어디서 힘없이 새는지를 분명하게 읽습니다. 요즘 User님에게 중요한 건 금 기운이 짙어 기준감이 또렷해지는 흐름을 생활 안에서 실제 움직임으로 바꾸는 일입니다.

토 기운이 강하다는 건 쉽게 흔들리지 않고 버티는 힘이 좋다는 뜻입니다. 금 기운이 약하다는 건 정리와 결단이 필요한 순간에는 한 번 더 망설이기 쉽습니다. 이번 흐름은 누수관리형에 가까워 인맥·감정·충동 때문에 나가는 돈을 먼저 줄이면 재물의 체감이 금방 달라집니다. 더 벌기 전에 새는 구멍을 줄이면 돈이 머무는 속도가 훨씬 빨라집니다. 큰 결심 한 번보다 작은 완료를 꾸준히 쌓을 때 운이 더 잘 붙습니다.",
  "overview": "INFJ 성향인 User님은 혼자서도 깊이 파고들며 방향을 정리하는 집중력이 먼저 드러나는 편입니다. 이런 성향은 사주에서 토 기운이 강하게 잡힌 구조와도 닿아 있습니다. 토 기운이 강하다는 건 쉽게 흔들리지 않고 버티는 힘이 좋다는 뜻입니다. 금 기운이 약하다는 건 정리와 결단이 필요한 순간에는 한 번 더 망설이기 쉽습니다.

이번 풀이는 막연히 돈복이 있느냐보다, 지금 돈이 어디서 붙고 어디서 힘없이 새는지를 분명하게 읽습니다. 지금은 '안정-확장'이 핵심으로 들어오는 시기입니다. 재물운은 토 쪽에서 벌고 금 쪽에서 새기 쉬운 흐름입니다. 지금은 금 기운이 짙어 기준감이 또렷해지는 흐름이라, 무작정 늘리기보다 돈의 흐름을 정리하고 기준을 세우는 편이 먼저입니다. 이번 주제를 읽으면 누수관리형에 가까워 버는 힘보다 새는 구멍을 막을 때 재물운이 살아나는 타입. 작은 변화에서 흐름의 단서를 찾는 감각은 이번 시기에서 분명한 강점으로 살아납니다. 새는 구멍만 줄여도 복이 남는 속도가 눈에 띄게 달라집니다.",
  "pairDynamic": undefined,
  "reflectionQuestion": "지금의 소비 중 3개월 뒤에도 나를 돕는 지출은 무엇인가요? 지금의 선택이 긴 흐름과도 맞는지 함께 돌아보면 좋습니다.",
  "relationshipFlow": "INFJ 성향인 User님은 관계에서는 공감 뒤에 내가 원하는 기준도 함께 말해야 관계가 더 안정됩니다. 돈 이야기는 감정이 상하기 쉬우니 숫자 기준으로 합의하는 습관이 중요합니다. 토 기운이 강한 사람은 마음을 열면 관계를 든든하게 끌고 가는 힘이 있습니다. 다만 금 기운이 비기 쉬워, 서운함이 생겼을 때 혼자 오래 안고 가기 쉽습니다.

좋은 관계일수록 기준을 부드럽게 말해 주는 태도가 중요합니다. 짧더라도 자주 상태를 나누면 관계의 좋은 결을 더 오래 살릴 수 있습니다.",
  "sajuBasis": "위 분석표를 먼저 보면 User님의 사주 바탕이 한눈에 들어옵니다. 일간은 무토이고, 기본 바탕은 토 기운이 앞서고 금 기운이 비기 쉬운 구조입니다.

토 기운이 강하다는 건 쉽게 흔들리지 않고 버티는 힘이 좋다는 뜻입니다. 금 기운이 약하다는 건 정리와 결단이 필요한 순간에는 한 번 더 망설이기 쉽습니다. 그래서 이 사주는 강한 부분은 믿고 밀어도 좋지만, 비기 쉬운 부분은 생활 습관으로 채워 줄수록 훨씬 안정됩니다.

이 타고난 바탕 위에 현재 대운과 올해 운이 겹치며 지금의 운이 만들어집니다.",
  "sajuEvidence": [
    "기본 바탕은 토 기운이 강해 쉽게 흔들리지 않고 버티는 힘이 좋다는 뜻입니다. 반대로 금 기운은 비기 쉬워 정리와 결단이 필요한 순간에는 한 번 더 망설이기 쉽습니다.",
    "지금 이 고민으로 보면 흐름은 누수관리형에 가깝습니다. 즉, 버는 힘보다 새는 구멍을 막을 때 재물운이 살아나는 타입.",
    "겉으로 드러난 기운에는 기준을 세우는 힘, 만들어 내는 힘, 책임을 지는 힘이 함께 보입니다. 그래서 밀어붙이기보다 기준을 세우고 쌓아 갈 때 결과가 더 안정적으로 남습니다.",
    "월지 축은 양에 놓여 있어, 보호와 보살핌 속에서 힘을 기르는 상태. 지금은 금 기운이 짙어 기준감이 또렷해지는 흐름이 크게 깔려 있고, 올해는 병오의 흐름이라 화 기운이 짙어 표현력이 또렷해지는 흐름입니다. 그래서 무리한 변화보다 생활 리듬을 정리하면서 가는 방식이 더 잘 맞습니다.",
  ],
  "storyTitle": "User님의 재물운 풀이",
  "subjectArchetypes": {
    "compatibility": undefined,
    "user": {
      "code": "leak_management",
      "description": "버는 힘보다 새는 구멍을 막을 때 재물운이 살아나는 타입",
      "label": "누수관리형",
    },
  },
  "subjectLens": "재물운을 보면 토 구간은 수입을 키우는 감각이 잘 살아나는 편입니다. 금 구간은 지출과 투자 기준을 조금 더 섬세하게 볼수록 좋습니다. 수익을 늘리는 일과 돈을 지키는 일을 함께 가져가면 들어온 복이 더 오래 남습니다. 재물운은 많이 버는 사람의 흐름과, 남기는 사람이 되는 흐름이 다를 수 있어 둘을 나눠 보는 편이 정확합니다. 현재는 누수관리형에 가까워 인맥·감정·충동 때문에 나가는 돈을 먼저 줄이면 재물의 체감이 금방 달라집니다.",
  "summary": "재물운: INFJ 성향인 User님은 혼자서도 깊이 파고들며 방향을 정리하는 집중력을 실제 행동으로 옮길 때 힘이 가장 잘 붙습니다. '재물 흐름의 정리' 관점에서 '안정-확장' 결이 또렷한 시기입니다. 재물운은 많이 버는 사람의 흐름과, 남기는 사람이 되는 흐름이 다를 수 있어 둘을 나눠 보는 편이 정확합니다. 기본 결은 누수관리형이라 버는 힘보다 새는 구멍을 막을 때 재물운이 살아나는 타입. 무토 일간 위로 금 기운이 짙어 기준감이 또렷해지는 흐름이 겹쳐 들어와, 강점을 실제 행동으로 연결할수록 운이 더 곧게 이어집니다.",
  "tenYearFlow": "지금 10년 운은 금 기운이 짙어 기준감이 또렷해지는 흐름입니다. 다음 10년은 금 기운이 짙어 기준감이 또렷해지는 흐름 쪽으로 무게가 옮겨갈 가능성이 큽니다. 앞으로 10년은 벌이의 크기보다 돈을 다루는 습관이 결과 차이를 더 크게 만들 가능성이 큽니다.",
  "timingHint": "INFJ 성향인 User님은 큰 흐름을 먼저 보고 움직일 때 리듬이 더 잘 살아납니다. 지출 점검은 감정 소비가 많은 저녁보다 낮 시간에 하는 것이 정확합니다. 재물운은 큰 결정보다 반복되는 지출 습관과 점검 리듬에서 체감이 크게 갈립니다. 현재 큰 운은 신유의 흐름이라 금 기운이 짙어 기준감이 또렷해지는 흐름입니다. 지금 몇 해는 큰 승부보다 내 돈 기준을 세우는 시기로 읽는 편이 더 정확합니다. 올해는 병오의 흐름이라 화 기운이 짙어 표현력이 또렷해지는 흐름입니다. 올해는 수입 확대만 보기보다, 돈이 오래 남는 구조를 만드는 쪽이 더 큰 차이를 만듭니다. 월지 축은 양에 놓여 있어, 보호와 보살핌 속에서 힘을 기르는 상태. 그래서 서두르기보다 흐름이 붙는 시간대를 골라 움직일수록 결과가 더 매끈하게 이어집니다.",
  "wealthFlow": "INFJ 성향인 User님은 돈과 일에서는 예산과 계획을 먼저 세울수록 돈의 흐름을 안정적으로 다루는 힘이 커집니다. 지금은 크게 벌리기보다 들어온 돈을 안정시키는 쪽이 더 맞습니다. 재물운을 볼 때는 수입보다 돈을 다루는 습관이 먼저 보입니다. 크게 늘리기보다 기준을 세우는 쪽이 먼저 맞을 때가 분명히 있습니다. 재물운을 보면 지금은 누수관리형에 가깝습니다. 버는 힘보다 새는 구멍을 막을 때 재물운이 살아나는 타입. 토 기운이 강하다는 건 돈을 다루는 감각에서 이 장점이 먼저 드러난다는 뜻입니다.

반대로 금 기운이 약한 구간에서는 돈이 새는 이유를 늦게 알아차리기 쉽습니다. 그래서 인맥·감정·충동 때문에 나가는 돈을 먼저 줄이면 재물의 체감이 금방 달라집니다. 작은 기준 하나만 세워도 들어온 복이 훨씬 오래 남습니다.",
  "yearlyFlow": "2026년 세운은 병오입니다. 병오의 흐름이라 화 기운이 짙어 표현력이 또렷해지는 흐름입니다. 올해는 수입 확대만 보기보다, 돈이 오래 남는 구조를 만드는 쪽이 더 큰 차이를 만듭니다.",
}
`;
